version https://git-lfs.github.com/spec/v1
oid sha256:e15d88915b3601112910b972902a66e8f7332b4fbd70caad645e3ba346571019
size 549597184
